Archive member included to satisfy reference by file (symbol)

/Applications/SimplicityStudio5.app/Contents/Eclipse/developer/toolchains/gnu_arm/10.2_2020q4/bin/../lib/gcc/arm-none-eabi/10.2.1/../../../../arm-none-eabi/lib/thumb/v8-m.main+fp/softfp/libc_nano.a(lib_a-exit.o)
                              /Applications/SimplicityStudio5.app/Contents/Eclipse/developer/toolchains/gnu_arm/10.2_2020q4/bin/../lib/gcc/arm-none-eabi/10.2.1/../../../../arm-none-eabi/lib/thumb/v8-m.main+fp/softfp/crt0.o (exit)
/Applications/SimplicityStudio5.app/Contents/Eclipse/developer/toolchains/gnu_arm/10.2_2020q4/bin/../lib/gcc/arm-none-eabi/10.2.1/../../../../arm-none-eabi/lib/thumb/v8-m.main+fp/softfp/libc_nano.a(lib_a-impure.o)
                              /Applications/SimplicityStudio5.app/Contents/Eclipse/developer/toolchains/gnu_arm/10.2_2020q4/bin/../lib/gcc/arm-none-eabi/10.2.1/../../../../arm-none-eabi/lib/thumb/v8-m.main+fp/softfp/libc_nano.a(lib_a-exit.o) (_global_impure_ptr)
/Applications/SimplicityStudio5.app/Contents/Eclipse/developer/toolchains/gnu_arm/10.2_2020q4/bin/../lib/gcc/arm-none-eabi/10.2.1/../../../../arm-none-eabi/lib/thumb/v8-m.main+fp/softfp/libc_nano.a(lib_a-init.o)
                              /Applications/SimplicityStudio5.app/Contents/Eclipse/developer/toolchains/gnu_arm/10.2_2020q4/bin/../lib/gcc/arm-none-eabi/10.2.1/../../../../arm-none-eabi/lib/thumb/v8-m.main+fp/softfp/crt0.o (__libc_init_array)
/Applications/SimplicityStudio5.app/Contents/Eclipse/developer/toolchains/gnu_arm/10.2_2020q4/bin/../lib/gcc/arm-none-eabi/10.2.1/../../../../arm-none-eabi/lib/thumb/v8-m.main+fp/softfp/libc_nano.a(lib_a-memcpy-stub.o)
                              ./src/main.o (memcpy)
/Applications/SimplicityStudio5.app/Contents/Eclipse/developer/toolchains/gnu_arm/10.2_2020q4/bin/../lib/gcc/arm-none-eabi/10.2.1/../../../../arm-none-eabi/lib/thumb/v8-m.main+fp/softfp/libc_nano.a(lib_a-memset.o)
                              /Applications/SimplicityStudio5.app/Contents/Eclipse/developer/toolchains/gnu_arm/10.2_2020q4/bin/../lib/gcc/arm-none-eabi/10.2.1/../../../../arm-none-eabi/lib/thumb/v8-m.main+fp/softfp/crt0.o (memset)
/Applications/SimplicityStudio5.app/Contents/Eclipse/developer/toolchains/gnu_arm/10.2_2020q4/bin/../lib/gcc/arm-none-eabi/10.2.1/../../../../arm-none-eabi/lib/thumb/v8-m.main+fp/softfp/libnosys.a(_exit.o)
                              /Applications/SimplicityStudio5.app/Contents/Eclipse/developer/toolchains/gnu_arm/10.2_2020q4/bin/../lib/gcc/arm-none-eabi/10.2.1/../../../../arm-none-eabi/lib/thumb/v8-m.main+fp/softfp/libc_nano.a(lib_a-exit.o) (_exit)

Discarded input sections

 .text          0x0000000000000000        0x0 /Applications/SimplicityStudio5.app/Contents/Eclipse/developer/toolchains/gnu_arm/10.2_2020q4/bin/../lib/gcc/arm-none-eabi/10.2.1/thumb/v8-m.main+fp/softfp/crti.o
 .data          0x0000000000000000        0x0 /Applications/SimplicityStudio5.app/Contents/Eclipse/developer/toolchains/gnu_arm/10.2_2020q4/bin/../lib/gcc/arm-none-eabi/10.2.1/thumb/v8-m.main+fp/softfp/crti.o
 .bss           0x0000000000000000        0x0 /Applications/SimplicityStudio5.app/Contents/Eclipse/developer/toolchains/gnu_arm/10.2_2020q4/bin/../lib/gcc/arm-none-eabi/10.2.1/thumb/v8-m.main+fp/softfp/crti.o
 .data          0x0000000000000000        0x4 /Applications/SimplicityStudio5.app/Contents/Eclipse/developer/toolchains/gnu_arm/10.2_2020q4/bin/../lib/gcc/arm-none-eabi/10.2.1/thumb/v8-m.main+fp/softfp/crtbegin.o
 .rodata        0x0000000000000000       0x24 /Applications/SimplicityStudio5.app/Contents/Eclipse/developer/toolchains/gnu_arm/10.2_2020q4/bin/../lib/gcc/arm-none-eabi/10.2.1/thumb/v8-m.main+fp/softfp/crtbegin.o
 .data          0x0000000000000000        0x0 /Applications/SimplicityStudio5.app/Contents/Eclipse/developer/toolchains/gnu_arm/10.2_2020q4/bin/../lib/gcc/arm-none-eabi/10.2.1/../../../../arm-none-eabi/lib/thumb/v8-m.main+fp/softfp/crt0.o
 .bss           0x0000000000000000        0x0 /Applications/SimplicityStudio5.app/Contents/Eclipse/developer/toolchains/gnu_arm/10.2_2020q4/bin/../lib/gcc/arm-none-eabi/10.2.1/../../../../arm-none-eabi/lib/thumb/v8-m.main+fp/softfp/crt0.o
 .ARM.extab     0x0000000000000000        0x0 /Applications/SimplicityStudio5.app/Contents/Eclipse/developer/toolchains/gnu_arm/10.2_2020q4/bin/../lib/gcc/arm-none-eabi/10.2.1/../../../../arm-none-eabi/lib/thumb/v8-m.main+fp/softfp/crt0.o
 .data          0x0000000000000000        0x0 ./CMSIS/EFR32MG22/startup_efr32mg22.o
 .bss           0x0000000000000000        0x0 ./CMSIS/EFR32MG22/startup_efr32mg22.o
 .group         0x0000000000000000        0xc ./CMSIS/EFR32MG22/system_efr32mg22.o
 .group         0x0000000000000000        0xc ./CMSIS/EFR32MG22/system_efr32mg22.o
 .group         0x0000000000000000        0xc ./CMSIS/EFR32MG22/system_efr32mg22.o
 .group         0x0000000000000000        0xc ./CMSIS/EFR32MG22/system_efr32mg22.o
 .group         0x0000000000000000        0xc ./CMSIS/EFR32MG22/system_efr32mg22.o
[...]
Memory Configuration

Name             Origin             Length             Attributes
FLASH            0x0000000000000000 0x0000000000080000 xr
RAM              0x0000000020000000 0x0000000000008000 xrw
*default*        0x0000000000000000 0xffffffffffffffff

Linker script and memory map

LOAD /Applications/SimplicityStudio5.app/Contents/Eclipse/developer/toolchains/gnu_arm/10.2_2020q4/bin/../lib/gcc/arm-none-eabi/10.2.1/thumb/v8-m.main+fp/softfp/crti.o
LOAD /Applications/SimplicityStudio5.app/Contents/Eclipse/developer/toolchains/gnu_arm/10.2_2020q4/bin/../lib/gcc/arm-none-eabi/10.2.1/thumb/v8-m.main+fp/softfp/crtbegin.o
LOAD /Applications/SimplicityStudio5.app/Contents/Eclipse/developer/toolchains/gnu_arm/10.2_2020q4/bin/../lib/gcc/arm-none-eabi/10.2.1/../../../../arm-none-eabi/lib/thumb/v8-m.main+fp/softfp/crt0.o
LOAD ./CMSIS/EFR32MG22/startup_efr32mg22.o
LOAD ./CMSIS/EFR32MG22/system_efr32mg22.o
LOAD ./emlib/em_cmu.o
LOAD ./emlib/em_core.o
LOAD ./emlib/em_emu.o
LOAD ./emlib/em_gpio.o
LOAD ./emlib/em_ldma.o
LOAD ./emlib/em_system.o
LOAD ./emlib/em_timer.o
LOAD ./src/main.o
START GROUP
LOAD /Applications/SimplicityStudio5.app/Contents/Eclipse/developer/toolchains/gnu_arm/10.2_2020q4/bin/../lib/gcc/arm-none-eabi/10.2.1/thumb/v8-m.main+fp/softfp/libgcc.a
LOAD /Applications/SimplicityStudio5.app/Contents/Eclipse/developer/toolchains/gnu_arm/10.2_2020q4/bin/../lib/gcc/arm-none-eabi/10.2.1/../../../../arm-none-eabi/lib/thumb/v8-m.main+fp/softfp/libc_nano.a
LOAD /Applications/SimplicityStudio5.app/Contents/Eclipse/developer/toolchains/gnu_arm/10.2_2020q4/bin/../lib/gcc/arm-none-eabi/10.2.1/../../../../arm-none-eabi/lib/thumb/v8-m.main+fp/softfp/libnosys.a
END GROUP
START GROUP
LOAD /Applications/SimplicityStudio5.app/Contents/Eclipse/developer/toolchains/gnu_arm/10.2_2020q4/bin/../lib/gcc/arm-none-eabi/10.2.1/thumb/v8-m.main+fp/softfp/libgcc.a
LOAD /Applications/SimplicityStudio5.app/Contents/Eclipse/developer/toolchains/gnu_arm/10.2_2020q4/bin/../lib/gcc/arm-none-eabi/10.2.1/../../../../arm-none-eabi/lib/thumb/v8-m.main+fp/softfp/libg_nano.a
LOAD /Applications/SimplicityStudio5.app/Contents/Eclipse/developer/toolchains/gnu_arm/10.2_2020q4/bin/../lib/gcc/arm-none-eabi/10.2.1/../../../../arm-none-eabi/lib/thumb/v8-m.main+fp/softfp/libc_nano.a
END GROUP
START GROUP
LOAD /Applications/SimplicityStudio5.app/Contents/Eclipse/developer/toolchains/gnu_arm/10.2_2020q4/bin/../lib/gcc/arm-none-eabi/10.2.1/thumb/v8-m.main+fp/softfp/libgcc.a
LOAD /Applications/SimplicityStudio5.app/Contents/Eclipse/developer/toolchains/gnu_arm/10.2_2020q4/bin/../lib/gcc/arm-none-eabi/10.2.1/../../../../arm-none-eabi/lib/thumb/v8-m.main+fp/softfp/libc_nano.a
END GROUP
LOAD /Applications/SimplicityStudio5.app/Contents/Eclipse/developer/toolchains/gnu_arm/10.2_2020q4/bin/../lib/gcc/arm-none-eabi/10.2.1/thumb/v8-m.main+fp/softfp/crtend.o
LOAD /Applications/SimplicityStudio5.app/Contents/Eclipse/developer/toolchains/gnu_arm/10.2_2020q4/bin/../lib/gcc/arm-none-eabi/10.2.1/thumb/v8-m.main+fp/softfp/crtn.o

.text           0x0000000000000000     0x27cc
 *(.vectors)
 .vectors       0x0000000000000000      0x140 ./CMSIS/EFR32MG22/startup_efr32mg22.o
                0x0000000000000000                __Vectors
                0x0000000000000140                __Vectors_End = .
                0x0000000000000140                __Vectors_Size = (__Vectors_End - __Vectors)
                0x00000000200006c8                __end__ = .
 *(.text*)
 .text          0x0000000000000140       0x40 /Applications/SimplicityStudio5.app/Contents/Eclipse/developer/toolchains/gnu_arm/10.2_2020q4/bin/../lib/gcc/arm-none-eabi/10.2.1/thumb/v8-m.main+fp/softfp/crtbegin.o
 .text          0x0000000000000180       0x7c /Applications/SimplicityStudio5.app/Contents/Eclipse/developer/toolchains/gnu_arm/10.2_2020q4/bin/../lib/gcc/arm-none-eabi/10.2.1/../../../../arm-none-eabi/lib/thumb/v8-m.main+fp/softfp/crt0.o
                0x0000000000000180                _stack_init
                0x0000000000000188                _mainCRTStartup
                0x0000000000000188                _start
 .text          0x00000000000001fc       0x30 ./CMSIS/EFR32MG22/startup_efr32mg22.o
                0x00000000000001fc                Reset_Handler
                0x0000000000000228                SW2_IRQHandler
                0x0000000000000228                TIMER2_IRQHandler
                0x0000000000000228                DebugMon_Handler
                0x0000000000000228                USART0_TX_IRQHandler
                0x0000000000000228                PKE_IRQHandler
                0x0000000000000228                PRORTC_IRQHandler
                0x0000000000000228                IADC_IRQHandler
                0x0000000000000228                I2C0_IRQHandler
                0x0000000000000228                LFXO_IRQHandler
                0x0000000000000228                CRYPTOACC_IRQHandler
                0x0000000000000228                HardFault_Handler
                0x0000000000000228                SMU_SECURE_IRQHandler
                0x0000000000000228                SysTick_Handler
                0x0000000000000228                USART1_RX_IRQHandler
                0x0000000000000228                EMUEFP_IRQHandler
                0x0000000000000228                PendSV_Handler
                0x0000000000000228                NMI_Handler
                0x0000000000000228                SYNTH_IRQHandler
                0x0000000000000228                HFXO0_IRQHandler
                0x0000000000000228                I2C1_IRQHandler
                0x0000000000000228                PDM_IRQHandler
                0x0000000000000228                WDOG0_IRQHandler
                0x0000000000000228                TIMER3_IRQHandler
                0x0000000000000228                SYSCFG_IRQHandler
                0x0000000000000228                EMUSE_IRQHandler
                0x0000000000000228                EMUDG_IRQHandler
                0x0000000000000228                USART1_TX_IRQHandler
                0x0000000000000228                SMU_PRIVILEGED_IRQHandler
                0x0000000000000228                MSC_IRQHandler
                0x0000000000000228                DPLL0_IRQHandler
                0x0000000000000228                UsageFault_Handler
                0x0000000000000228                M33CTI1_IRQHandler
                0x0000000000000228                TIMER4_IRQHandler
                0x0000000000000228                GPIO_EVEN_IRQHandler
                0x0000000000000228                SW0_IRQHandler
                0x0000000000000228                TIMER0_IRQHandler
                0x0000000000000228                LETIMER0_IRQHandler
                0x0000000000000228                TIMER1_IRQHandler
                0x0000000000000228                HFRCO0_IRQHandler
                0x0000000000000228                RFSENSE_IRQHandler
                0x0000000000000228                BUFC_IRQHandler
                0x0000000000000228                DCDC_IRQHandler
                0x0000000000000228                MODEM_IRQHandler
                0x0000000000000228                Default_Handler
                0x0000000000000228                RAC_SEQ_IRQHandler
                0x0000000000000228                FRC_PRI_IRQHandler
                0x0000000000000228                SW3_IRQHandler
                0x0000000000000228                EMU_IRQHandler
                0x0000000000000228                KERNEL0_IRQHandler
                0x0000000000000228                FRC_IRQHandler
                0x0000000000000228                KERNEL1_IRQHandler
                0x0000000000000228                AGC_IRQHandler
                0x0000000000000228                sl_app_properties
                0x0000000000000228                BURTC_IRQHandler
                0x0000000000000228                LFRCO_IRQHandler
                0x0000000000000228                USART0_RX_IRQHandler
                0x0000000000000228                MemManage_Handler
                0x0000000000000228                RDMAILBOX_IRQHandler
                0x0000000000000228                SVC_Handler
                0x0000000000000228                RTCC_IRQHandler
                0x0000000000000228                SW1_IRQHandler
                0x0000000000000228                CMU_IRQHandler
                0x0000000000000228                RAC_RSM_IRQHandler
                0x0000000000000228                EUART0_TX_IRQHandler
                0x0000000000000228                EUART0_RX_IRQHandler
                0x0000000000000228                GPIO_ODD_IRQHandler
                0x0000000000000228                AES_IRQHandler
                0x0000000000000228                M33CTI0_IRQHandler
                0x0000000000000228                ICACHE0_IRQHandler
                0x0000000000000228                SMU_NS_PRIVILEGED_IRQHandler
                0x0000000000000228                PROTIMER_IRQHandler
                0x0000000000000228                BusFault_Handler
                0x0000000000000228                ULFRCO_IRQHandler
                0x0000000000000228                TRNG_IRQHandler
 .text.SystemInit
                0x000000000000022c       0x2c ./CMSIS/EFR32MG22/system_efr32mg22.o
                0x000000000000022c                SystemInit
 .text.SystemHFRCODPLLClockGet
                0x0000000000000258       0x18 ./CMSIS/EFR32MG22/system_efr32mg22.o
                0x0000000000000258                SystemHFRCODPLLClockGet
 .text.SystemHFRCODPLLClockSet
                0x0000000000000270       0x20 ./CMSIS/EFR32MG22/system_efr32mg22.o
                0x0000000000000270                SystemHFRCODPLLClockSet
 .text.SystemSYSCLKGet
                0x0000000000000290       0x50 ./CMSIS/EFR32MG22/system_efr32mg22.o
                0x0000000000000290                SystemSYSCLKGet
 .text.SystemHCLKGet
                0x00000000000002e0       0x3c ./CMSIS/EFR32MG22/system_efr32mg22.o
                0x00000000000002e0                SystemHCLKGet
 .text.SystemMaxCoreClockGet
                0x000000000000031c       0x14 ./CMSIS/EFR32MG22/system_efr32mg22.o
                0x000000000000031c                SystemMaxCoreClockGet
 .text.SystemHFXOClockGet
                0x0000000000000330       0x18 ./CMSIS/EFR32MG22/system_efr32mg22.o
                0x0000000000000330                SystemHFXOClockGet
 .text.SystemCLKIN0Get
                0x0000000000000348       0x10 ./CMSIS/EFR32MG22/system_efr32mg22.o
                0x0000000000000348                SystemCLKIN0Get
 .text.SystemFSRCOClockGet
                0x0000000000000358       0x14 ./CMSIS/EFR32MG22/system_efr32mg22.o
                0x0000000000000358                SystemFSRCOClockGet
 .text.SystemLFRCOClockGet
                0x000000000000036c       0x12 ./CMSIS/EFR32MG22/system_efr32mg22.o
                0x000000000000036c                SystemLFRCOClockGet
 .text.SystemULFRCOClockGet
                0x000000000000037e       0x12 ./CMSIS/EFR32MG22/system_efr32mg22.o
                0x000000000000037e                SystemULFRCOClockGet
 .text.SystemLFXOClockGet
                0x0000000000000390       0x18 ./CMSIS/EFR32MG22/system_efr32mg22.o
                0x0000000000000390                SystemLFXOClockGet
 .text.SystemCoreClockGet
                0x00000000000003a8        0xe ./emlib/em_cmu.o
 .text.BUS_RegBitWrite
                0x00000000000003b6       0x3c ./emlib/em_cmu.o
 .text.BUS_RegBitRead
                0x00000000000003f2       0x24 ./emlib/em_cmu.o
 *fill*         0x0000000000000416        0x2 
 .text.EMU_VScaleWait
                0x0000000000000418       0x20 ./emlib/em_cmu.o
 .text.EMU_VScaleGet
                0x0000000000000438       0x1c ./emlib/em_cmu.o
 .text.CMU_ClockEnable
                0x0000000000000454       0x6c ./emlib/em_cmu.o
                0x0000000000000454                CMU_ClockEnable
 .text.CMU_ClockFreqGet
                0x00000000000004c0      0x598 ./emlib/em_cmu.o
                0x00000000000004c0                CMU_ClockFreqGet
 .text.em01GrpbClkGet
                0x0000000000000a58       0xb0 ./emlib/em_cmu.o
 .text.euart0ClkGet
                0x0000000000000b08       0x58 ./emlib/em_cmu.o
 .text.rhclkPrescMax
                0x0000000000000b60       0x20 ./emlib/em_cmu.o
 .text.rhclkPrescOptimize
                0x0000000000000b80       0x2c ./emlib/em_cmu.o
 .text.traceClkGet
                0x0000000000000bac       0x38 ./emlib/em_cmu.o
 .text.CMU_ClockDivGet
                0x0000000000000be4       0x90 ./emlib/em_cmu.o
                0x0000000000000be4                CMU_ClockDivGet
 .text.CMU_ClockDivSet
                0x0000000000000c74      0x120 ./emlib/em_cmu.o
                0x0000000000000c74                CMU_ClockDivSet
 .text.CMU_ClockSelectGet
                0x0000000000000d94      0x278 ./emlib/em_cmu.o
                0x0000000000000d94                CMU_ClockSelectGet
 .text.CMU_HFRCODPLLBandSet
                0x000000000000100c      0x148 ./emlib/em_cmu.o
                0x000000000000100c                CMU_HFRCODPLLBandSet
 .text.CMU_UpdateWaitStates
                0x0000000000001154       0x2a ./emlib/em_cmu.o
                0x0000000000001154                CMU_UpdateWaitStates
 *fill*         0x000000000000117e        0x2 
 .text.dpllRefClkGet
                0x0000000000001180       0x88 ./emlib/em_cmu.o
 .text.em01GrpaClkGet
                0x0000000000001208       0x78 ./emlib/em_cmu.o
 .text.em23GrpaClkGet
                0x0000000000001280       0x78 ./emlib/em_cmu.o
 .text.sysTickClkGet
                0x00000000000012f8       0x5c ./emlib/em_cmu.o
 .text.em4GrpaClkGet
                0x0000000000001354       0x78 ./emlib/em_cmu.o
 .text.flashWaitStateControl
                0x00000000000013cc       0x90 ./emlib/em_cmu.o
 .text.HFRCODPLLDevinfoGet
                0x000000000000145c      0x1b8 ./emlib/em_cmu.o
 .text.iadcClkGet
                0x0000000000001614       0x6c ./emlib/em_cmu.o
 .text.pclkDivMax
                0x0000000000001680       0x12 ./emlib/em_cmu.o
 *fill*         0x0000000000001692        0x2 
 .text.pclkDivOptimize
                0x0000000000001694       0x34 ./emlib/em_cmu.o
 .text.rtccClkGet
                0x00000000000016c8       0x78 ./emlib/em_cmu.o
 .text.waitStateMax
                0x0000000000001740       0x16 ./emlib/em_cmu.o
 *fill*         0x0000000000001756        0x2 
 .text.wdog0ClkGet
                0x0000000000001758       0x94 ./emlib/em_cmu.o
 .text.CORE_EnterCritical
                0x00000000000017ec       0x22 ./emlib/em_core.o
                0x00000000000017ec                CORE_EnterCritical
 .text.CORE_ExitCritical
                0x000000000000180e       0x1e ./emlib/em_core.o
                0x000000000000180e                CORE_ExitCritical
 .text.CORE_EnterAtomic
                0x000000000000182c       0x22 ./emlib/em_core.o
                0x000000000000182c                CORE_EnterAtomic
 .text.CORE_ExitAtomic
                0x000000000000184e       0x1e ./emlib/em_core.o
                0x000000000000184e                CORE_ExitAtomic
 .text.BUS_RegBitRead
                0x000000000000186c       0x24 ./emlib/em_emu.o
 .text.EMU_VScaleWait
                0x0000000000001890       0x20 ./emlib/em_emu.o
 .text.EMU_VScaleGet
                0x00000000000018b0       0x1c ./emlib/em_emu.o
 .text.vScaleEM01Cmd
                0x00000000000018cc       0x22 ./emlib/em_emu.o
 .text.EMU_EFPEM01VScale
                0x00000000000018ee       0x16 ./emlib/em_emu.o
                0x00000000000018ee                EMU_EFPEM01VScale
 .text.EMU_VScaleEM01ByClock
                0x0000000000001904       0x58 ./emlib/em_emu.o
                0x0000000000001904                EMU_VScaleEM01ByClock
 .text.EMU_VScaleEM01
                0x000000000000195c       0xaa ./emlib/em_emu.o
                0x000000000000195c                EMU_VScaleEM01
 *fill*         0x0000000000001a06        0x2 
 .text.GPIO_PinOutClear
                0x0000000000001a08       0x50 ./emlib/em_gpio.o
 .text.GPIO_PinOutSet
                0x0000000000001a58       0x50 ./emlib/em_gpio.o
 .text.GPIO_PinModeSet
                0x0000000000001aa8      0x104 ./emlib/em_gpio.o
                0x0000000000001aa8                GPIO_PinModeSet
 .text.__NVIC_EnableIRQ
                0x0000000000001bac       0x3c ./emlib/em_ldma.o
 .text.__NVIC_ClearPendingIRQ
                0x0000000000001be8       0x3c ./emlib/em_ldma.o
 .text.__NVIC_SetPriority
                0x0000000000001c24       0x54 ./emlib/em_ldma.o
 .text.BUS_RegMaskedClear
                0x0000000000001c78       0x24 ./emlib/em_ldma.o
 .text.LDMA_Init
                0x0000000000001c9c       0x8c ./emlib/em_ldma.o
                0x0000000000001c9c                LDMA_Init
 .text.LDMA_StartTransfer
                0x0000000000001d28      0x11c ./emlib/em_ldma.o
                0x0000000000001d28                LDMA_StartTransfer
 .text.TIMER_Valid
                0x0000000000001e44       0x5c ./emlib/em_timer.o
 .text.timerPrsConfig
                0x0000000000001ea0       0xb0 ./emlib/em_timer.o
 .text.TIMER_Init
                0x0000000000001f50      0x100 ./emlib/em_timer.o
                0x0000000000001f50                TIMER_Init
 .text.TIMER_InitCC
                0x0000000000002050      0x118 ./emlib/em_timer.o
                0x0000000000002050                TIMER_InitCC
 .text.TIMER_SyncWait
                0x0000000000002168       0x2e ./emlib/em_timer.o
                0x0000000000002168                TIMER_SyncWait
 *fill*         0x0000000000002196        0x2 
 .text.SYSTEM_GetProdRev
                0x0000000000002198       0x1c ./src/main.o
 .text.CHIP_Init
                0x00000000000021b4       0x5c ./src/main.o
 .text.TIMER_Valid
                0x0000000000002210       0x5c ./src/main.o
 .text.TIMER_MaxCount
                0x000000000000226c       0xe8 ./src/main.o
 .text.TIMER_Enable
                0x0000000000002354       0x2e ./src/main.o
 .text.TIMER_TopGet
                0x0000000000002382       0x18 ./src/main.o
 .text.TIMER_TopSet
                0x000000000000239a       0x22 ./src/main.o
 .text.LDMA_IntClear
                0x00000000000023bc       0x24 ./src/main.o
 .text.LDMA_IntGet
                0x00000000000023e0       0x18 ./src/main.o
 .text.initGpio
                0x00000000000023f8       0x14 ./src/main.o
                0x00000000000023f8                initGpio
 .text.initCmu  0x000000000000240c       0x24 ./src/main.o
                0x000000000000240c                initCmu
 .text.initTimer
                0x0000000000002430       0x94 ./src/main.o
                0x0000000000002430                initTimer
 .text.populateBuffer
                0x00000000000024c4       0x5c ./src/main.o
                0x00000000000024c4                populateBuffer
 .text.populateMessageBuffer
                0x0000000000002520       0x5c ./src/main.o
                0x0000000000002520                populateMessageBuffer
 .text.initLdma
                0x000000000000257c       0x60 ./src/main.o
                0x000000000000257c                initLdma
 .text.main     0x00000000000025dc       0x50 ./src/main.o
                0x00000000000025dc                main
 .text.LDMA_IRQHandler
                0x000000000000262c       0x22 ./src/main.o
                0x000000000000262c                LDMA_IRQHandler
 *fill*         0x000000000000264e        0x2 
 .text.exit     0x0000000000002650       0x28 /Applications/SimplicityStudio5.app/Contents/Eclipse/developer/toolchains/gnu_arm/10.2_2020q4/bin/../lib/gcc/arm-none-eabi/10.2.1/../../../../arm-none-eabi/lib/thumb/v8-m.main+fp/softfp/libc_nano.a(lib_a-exit.o)
                0x0000000000002650                exit
 .text.__libc_init_array
                0x0000000000002678       0x48 /Applications/SimplicityStudio5.app/Contents/Eclipse/developer/toolchains/gnu_arm/10.2_2020q4/bin/../lib/gcc/arm-none-eabi/10.2.1/../../../../arm-none-eabi/lib/thumb/v8-m.main+fp/softfp/libc_nano.a(lib_a-init.o)
                0x0000000000002678                __libc_init_array
 .text.memcpy   0x00000000000026c0       0x1a /Applications/SimplicityStudio5.app/Contents/Eclipse/developer/toolchains/gnu_arm/10.2_2020q4/bin/../lib/gcc/arm-none-eabi/10.2.1/../../../../arm-none-eabi/lib/thumb/v8-m.main+fp/softfp/libc_nano.a(lib_a-memcpy-stub.o)
                0x00000000000026c0                memcpy
 .text.memset   0x00000000000026da       0x10 /Applications/SimplicityStudio5.app/Contents/Eclipse/developer/toolchains/gnu_arm/10.2_2020q4/bin/../lib/gcc/arm-none-eabi/10.2.1/../../../../arm-none-eabi/lib/thumb/v8-m.main+fp/softfp/libc_nano.a(lib_a-memset.o)
                0x00000000000026da                memset
 *fill*         0x00000000000026ea        0x2 
 .text._exit    0x00000000000026ec        0x4 /Applications/SimplicityStudio5.app/Contents/Eclipse/developer/toolchains/gnu_arm/10.2_2020q4/bin/../lib/gcc/arm-none-eabi/10.2.1/../../../../arm-none-eabi/lib/thumb/v8-m.main+fp/softfp/libnosys.a(_exit.o)
                0x00000000000026ec                _exit
 *(.init)
 .init          0x00000000000026f0        0x4 /Applications/SimplicityStudio5.app/Contents/Eclipse/developer/toolchains/gnu_arm/10.2_2020q4/bin/../lib/gcc/arm-none-eabi/10.2.1/thumb/v8-m.main+fp/softfp/crti.o
                0x00000000000026f0                _init
 .init          0x00000000000026f4        0x8 /Applications/SimplicityStudio5.app/Contents/Eclipse/developer/toolchains/gnu_arm/10.2_2020q4/bin/../lib/gcc/arm-none-eabi/10.2.1/thumb/v8-m.main+fp/softfp/crtn.o
 *(.fini)
 .fini          0x00000000000026fc        0x4 /Applications/SimplicityStudio5.app/Contents/Eclipse/developer/toolchains/gnu_arm/10.2_2020q4/bin/../lib/gcc/arm-none-eabi/10.2.1/thumb/v8-m.main+fp/softfp/crti.o
                0x00000000000026fc                _fini
 .fini          0x0000000000002700        0x8 /Applications/SimplicityStudio5.app/Contents/Eclipse/developer/toolchains/gnu_arm/10.2_2020q4/bin/../lib/gcc/arm-none-eabi/10.2.1/thumb/v8-m.main+fp/softfp/crtn.o
 *crtbegin.o(.ctors)
 *crtbegin?.o(.ctors)
 *(EXCLUDE_FILE(*crtend.o *crtend?.o) .ctors)
 *(SORT_BY_NAME(.ctors.*))
 *(.ctors)
 *crtbegin.o(.dtors)
 *crtbegin?.o(.dtors)
 *(EXCLUDE_FILE(*crtend.o *crtend?.o) .dtors)
 *(SORT_BY_NAME(.dtors.*))
 *(.dtors)
 *(.rodata*)
 .rodata.ColorRed
                0x0000000000002708       0x30 ./src/main.o
 .rodata.LogicReset
                0x0000000000002738       0x86 ./src/main.o
 *fill*         0x00000000000027be        0x2 
 .rodata        0x00000000000027c0        0x4 ./src/main.o
 .rodata._global_impure_ptr
                0x00000000000027c4        0x4 /Applications/SimplicityStudio5.app/Contents/Eclipse/developer/toolchains/gnu_arm/10.2_2020q4/bin/../lib/gcc/arm-none-eabi/10.2.1/../../../../arm-none-eabi/lib/thumb/v8-m.main+fp/softfp/libc_nano.a(lib_a-impure.o)
                0x00000000000027c4                _global_impure_ptr
 *(.eh_frame*)
 .eh_frame      0x00000000000027c8        0x0 /Applications/SimplicityStudio5.app/Contents/Eclipse/developer/toolchains/gnu_arm/10.2_2020q4/bin/../lib/gcc/arm-none-eabi/10.2.1/thumb/v8-m.main+fp/softfp/crtbegin.o
 .eh_frame      0x00000000000027c8        0x4 /Applications/SimplicityStudio5.app/Contents/Eclipse/developer/toolchains/gnu_arm/10.2_2020q4/bin/../lib/gcc/arm-none-eabi/10.2.1/thumb/v8-m.main+fp/softfp/crtend.o

.glue_7         0x00000000000027cc        0x0
 .glue_7        0x00000000000027cc        0x0 linker stubs

.glue_7t        0x00000000000027cc        0x0
 .glue_7t       0x00000000000027cc        0x0 linker stubs

.vfp11_veneer   0x00000000000027cc        0x0
 .vfp11_veneer  0x00000000000027cc        0x0 linker stubs

.v4_bx          0x00000000000027cc        0x0
 .v4_bx         0x00000000000027cc        0x0 linker stubs

.iplt           0x00000000000027cc        0x0
 .iplt          0x00000000000027cc        0x0 /Applications/SimplicityStudio5.app/Contents/Eclipse/developer/toolchains/gnu_arm/10.2_2020q4/bin/../lib/gcc/arm-none-eabi/10.2.1/thumb/v8-m.main+fp/softfp/crtbegin.o

.ARM.extab
 *(.ARM.extab* .gnu.linkonce.armextab.*)
                0x00000000000027cc                __exidx_start = .

.ARM.exidx      0x00000000000027cc        0x8
 *(.ARM.exidx* .gnu.linkonce.armexidx.*)
 .ARM.exidx     0x00000000000027cc        0x8 /Applications/SimplicityStudio5.app/Contents/Eclipse/developer/toolchains/gnu_arm/10.2_2020q4/bin/../lib/gcc/arm-none-eabi/10.2.1/../../../../arm-none-eabi/lib/thumb/v8-m.main+fp/softfp/crt0.o
                                         0x10 (size before relaxing)
                0x00000000000027d4                __exidx_end = .
                0x00000000000027d4                __etext = .

.rel.dyn        0x00000000000027d4        0x0
 .rel.iplt      0x00000000000027d4        0x0 /Applications/SimplicityStudio5.app/Contents/Eclipse/developer/toolchains/gnu_arm/10.2_2020q4/bin/../lib/gcc/arm-none-eabi/10.2.1/thumb/v8-m.main+fp/softfp/crtbegin.o

.data           0x0000000020000000       0x88 load address 0x00000000000027d4
                0x0000000020000000                __data_start__ = .
 *(vtable)
 *(.data*)
 .data.SystemHFXOClock
                0x0000000020000000        0x4 ./CMSIS/EFR32MG22/system_efr32mg22.o
 .data.SystemLFXOClock
                0x0000000020000004        0x4 ./CMSIS/EFR32MG22/system_efr32mg22.o
 .data.SystemHFRCODPLLClock
                0x0000000020000008        0x4 ./CMSIS/EFR32MG22/system_efr32mg22.o
 .data.SystemCoreClock
                0x000000002000000c        0x4 ./CMSIS/EFR32MG22/system_efr32mg22.o
                0x000000002000000c                SystemCoreClock
 .data.descriptor.0
                0x0000000020000010       0x10 ./src/main.o
 .data.impure_data
                0x0000000020000020       0x60 /Applications/SimplicityStudio5.app/Contents/Eclipse/developer/toolchains/gnu_arm/10.2_2020q4/bin/../lib/gcc/arm-none-eabi/10.2.1/../../../../arm-none-eabi/lib/thumb/v8-m.main+fp/softfp/libc_nano.a(lib_a-impure.o)
                0x0000000020000080                . = ALIGN (0x4)
 *(.ram)
                0x0000000020000080                . = ALIGN (0x4)
                0x0000000020000080                PROVIDE (__preinit_array_start = .)
 *(.preinit_array)
                0x0000000020000080                PROVIDE (__preinit_array_end = .)
                0x0000000020000080                . = ALIGN (0x4)
                0x0000000020000080                PROVIDE (__init_array_start = .)
 *(SORT_BY_NAME(.init_array.*))
 *(.init_array)
 .init_array    0x0000000020000080        0x4 /Applications/SimplicityStudio5.app/Contents/Eclipse/developer/toolchains/gnu_arm/10.2_2020q4/bin/../lib/gcc/arm-none-eabi/10.2.1/thumb/v8-m.main+fp/softfp/crtbegin.o
                0x0000000020000084                PROVIDE (__init_array_end = .)
                0x0000000020000084                . = ALIGN (0x4)
                [!provide]                        PROVIDE (__fini_array_start = .)
 *(SORT_BY_NAME(.fini_array.*))
 *(.fini_array)
 .fini_array    0x0000000020000084        0x4 /Applications/SimplicityStudio5.app/Contents/Eclipse/developer/toolchains/gnu_arm/10.2_2020q4/bin/../lib/gcc/arm-none-eabi/10.2.1/thumb/v8-m.main+fp/softfp/crtbegin.o
                [!provide]                        PROVIDE (__fini_array_end = .)
 *(.jcr*)
                0x0000000020000088                . = ALIGN (0x4)
                0x0000000020000088                __data_end__ = .

.igot.plt       0x0000000020000088        0x0 load address 0x000000000000285c
 .igot.plt      0x0000000020000088        0x0 /Applications/SimplicityStudio5.app/Contents/Eclipse/developer/toolchains/gnu_arm/10.2_2020q4/bin/../lib/gcc/arm-none-eabi/10.2.1/thumb/v8-m.main+fp/softfp/crtbegin.o

.bss            0x0000000020000088      0x640 load address 0x000000000000285c
                0x0000000020000088                . = ALIGN (0x4)
                0x0000000020000088                __bss_start__ = .
 *(.bss*)
 .bss           0x0000000020000088       0x1c /Applications/SimplicityStudio5.app/Contents/Eclipse/developer/toolchains/gnu_arm/10.2_2020q4/bin/../lib/gcc/arm-none-eabi/10.2.1/thumb/v8-m.main+fp/softfp/crtbegin.o
 .bss.vScaleEM01Config
                0x00000000200000a4        0x1 ./emlib/em_emu.o
 *fill*         0x00000000200000a5        0x3 
 .bss.dutyCyclePercentages
                0x00000000200000a8      0x296 ./src/main.o
                0x00000000200000a8                dutyCyclePercentages
 *fill*         0x000000002000033e        0x2 
 .bss.LedStrip  0x0000000020000340       0xf0 ./src/main.o
                0x0000000020000340                LedStrip
 .bss.buffer    0x0000000020000430      0x296 ./src/main.o
 *(COMMON)
                0x00000000200006c8                . = ALIGN (0x4)
 *fill*         0x00000000200006c6        0x2 
                0x00000000200006c8                __bss_end__ = .

.heap           0x00000000200006c8      0xc00
                0x00000000200006c8                __HeapBase = .
                0x00000000200006c8                __end__ = .
                0x00000000200006c8                end = __end__
                0x00000000200006c8                _end = __end__
 *(.heap*)
 .heap          0x00000000200006c8      0xc00 ./CMSIS/EFR32MG22/startup_efr32mg22.o
                0x00000000200012c8                __HeapLimit = .

.stack_dummy    0x00000000200006c8      0x400
 *(.stack*)
 .stack         0x00000000200006c8      0x400 ./CMSIS/EFR32MG22/startup_efr32mg22.o
                0x0000000020008000                __StackTop = (ORIGIN (RAM) + LENGTH (RAM))
                0x0000000020007c00                __StackLimit = (__StackTop - SIZEOF (.stack_dummy))
                0x0000000020008000                PROVIDE (__stack = __StackTop)
                0x0000000000000001                ASSERT ((__StackLimit >= __HeapLimit), region RAM overflowed with stack)
                0x0000000000000001                ASSERT ((LENGTH (FLASH) >= (__etext + SIZEOF (.data))), FLASH memory overflowed !)
OUTPUT(BRD4182A_EFR32xG22_timer_pwm_dma.axf elf32-littlearm)
LOAD linker stubs

.ARM.attributes
                0x0000000000000000       0x34
 .ARM.attributes
                0x0000000000000000       0x22 /Applications/SimplicityStudio5.app/Contents/Eclipse/developer/toolchains/gnu_arm/10.2_2020q4/bin/../lib/gcc/arm-none-eabi/10.2.1/thumb/v8-m.main+fp/softfp/crti.o
 .ARM.attributes
                0x0000000000000022       0x36 /Applications/SimplicityStudio5.app/Contents/Eclipse/developer/toolchains/gnu_arm/10.2_2020q4/bin/../lib/gcc/arm-none-eabi/10.2.1/thumb/v8-m.main+fp/softfp/crtbegin.o
 .ARM.attributes
                0x0000000000000058       0x20 /Applications/SimplicityStudio5.app/Contents/Eclipse/developer/toolchains/gnu_arm/10.2_2020q4/bin/../lib/gcc/arm-none-eabi/10.2.1/../../../../arm-none-eabi/lib/thumb/v8-m.main+fp/softfp/crt0.o
 .ARM.attributes
                0x0000000000000078       0x24 ./CMSIS/EFR32MG22/startup_efr32mg22.o
 .ARM.attributes
                0x000000000000009c       0x38 ./CMSIS/EFR32MG22/system_efr32mg22.o
 .ARM.attributes
                0x00000000000000d4       0x38 ./emlib/em_cmu.o
 .ARM.attributes
                0x000000000000010c       0x38 ./emlib/em_core.o
 .ARM.attributes
                0x0000000000000144       0x38 ./emlib/em_emu.o
 .ARM.attributes
                0x000000000000017c       0x38 ./emlib/em_gpio.o
 .ARM.attributes
                0x00000000000001b4       0x38 ./emlib/em_ldma.o
 .ARM.attributes
                0x00000000000001ec       0x38 ./emlib/em_timer.o
 .ARM.attributes
                0x0000000000000224       0x38 ./src/main.o
 .ARM.attributes
                0x000000000000025c       0x36 /Applications/SimplicityStudio5.app/Contents/Eclipse/developer/toolchains/gnu_arm/10.2_2020q4/bin/../lib/gcc/arm-none-eabi/10.2.1/../../../../arm-none-eabi/lib/thumb/v8-m.main+fp/softfp/libc_nano.a(lib_a-exit.o)
 .ARM.attributes
                0x0000000000000292       0x34 /Applications/SimplicityStudio5.app/Contents/Eclipse/developer/toolchains/gnu_arm/10.2_2020q4/bin/../lib/gcc/arm-none-eabi/10.2.1/../../../../arm-none-eabi/lib/thumb/v8-m.main+fp/softfp/libc_nano.a(lib_a-impure.o)
 .ARM.attributes
                0x00000000000002c6       0x36 /Applications/SimplicityStudio5.app/Contents/Eclipse/developer/toolchains/gnu_arm/10.2_2020q4/bin/../lib/gcc/arm-none-eabi/10.2.1/../../../../arm-none-eabi/lib/thumb/v8-m.main+fp/softfp/libc_nano.a(lib_a-init.o)
 .ARM.attributes
                0x00000000000002fc       0x36 /Applications/SimplicityStudio5.app/Contents/Eclipse/developer/toolchains/gnu_arm/10.2_2020q4/bin/../lib/gcc/arm-none-eabi/10.2.1/../../../../arm-none-eabi/lib/thumb/v8-m.main+fp/softfp/libc_nano.a(lib_a-memcpy-stub.o)
 .ARM.attributes
                0x0000000000000332       0x36 /Applications/SimplicityStudio5.app/Contents/Eclipse/developer/toolchains/gnu_arm/10.2_2020q4/bin/../lib/gcc/arm-none-eabi/10.2.1/../../../../arm-none-eabi/lib/thumb/v8-m.main+fp/softfp/libc_nano.a(lib_a-memset.o)
 .ARM.attributes
                0x0000000000000368       0x36 /Applications/SimplicityStudio5.app/Contents/Eclipse/developer/toolchains/gnu_arm/10.2_2020q4/bin/../lib/gcc/arm-none-eabi/10.2.1/../../../../arm-none-eabi/lib/thumb/v8-m.main+fp/softfp/libnosys.a(_exit.o)
 .ARM.attributes
                0x000000000000039e       0x34 /Applications/SimplicityStudio5.app/Contents/Eclipse/developer/toolchains/gnu_arm/10.2_2020q4/bin/../lib/gcc/arm-none-eabi/10.2.1/thumb/v8-m.main+fp/softfp/crtend.o
 .ARM.attributes
                0x00000000000003d2       0x22 /Applications/SimplicityStudio5.app/Contents/Eclipse/developer/toolchains/gnu_arm/10.2_2020q4/bin/../lib/gcc/arm-none-eabi/10.2.1/thumb/v8-m.main+fp/softfp/crtn.o

.comment        0x0000000000000000       0x4d
 .comment       0x0000000000000000       0x4d ./CMSIS/EFR32MG22/system_efr32mg22.o
                                         0x4e (size before relaxing)
 .comment       0x000000000000004d       0x4e ./emlib/em_cmu.o
 .comment       0x000000000000004d       0x4e ./emlib/em_core.o
 .comment       0x000000000000004d       0x4e ./emlib/em_emu.o
 .comment       0x000000000000004d       0x4e ./emlib/em_gpio.o
 .comment       0x000000000000004d       0x4e ./emlib/em_ldma.o
 .comment       0x000000000000004d       0x4e ./emlib/em_timer.o
 .comment       0x000000000000004d       0x4e ./src/main.o

.debug_line     0x0000000000000000     0x801b
 .debug_line    0x0000000000000000       0xe9 ./CMSIS/EFR32MG22/startup_efr32mg22.o
 .debug_line    0x00000000000000e9      0xa43 ./CMSIS/EFR32MG22/system_efr32mg22.o
 .debug_line    0x0000000000000b2c     0x1e27 ./emlib/em_cmu.o
 .debug_line    0x0000000000002953      0xeae ./emlib/em_core.o
 .debug_line    0x0000000000003801     0x1270 ./emlib/em_emu.o
 .debug_line    0x0000000000004a71      0xc4f ./emlib/em_gpio.o
 .debug_line    0x00000000000056c0      0xcad ./emlib/em_ldma.o
 .debug_line    0x000000000000636d      0xedd ./emlib/em_timer.o
 .debug_line    0x000000000000724a      0xdd1 ./src/main.o

.debug_info     0x0000000000000000    0x15a00
 .debug_info    0x0000000000000000       0x26 ./CMSIS/EFR32MG22/startup_efr32mg22.o
 .debug_info    0x0000000000000026     0x133c ./CMSIS/EFR32MG22/system_efr32mg22.o
 .debug_info    0x0000000000001362     0x5f04 ./emlib/em_cmu.o
 .debug_info    0x0000000000007266     0x1041 ./emlib/em_core.o
 .debug_info    0x00000000000082a7     0x3462 ./emlib/em_emu.o
 .debug_info    0x000000000000b709     0x1d2b ./emlib/em_gpio.o
 .debug_info    0x000000000000d434     0x1b2a ./emlib/em_ldma.o
 .debug_info    0x000000000000ef5e     0x2665 ./emlib/em_timer.o
 .debug_info    0x00000000000115c3     0x443d ./src/main.o

.debug_abbrev   0x0000000000000000     0x1583
 .debug_abbrev  0x0000000000000000       0x14 ./CMSIS/EFR32MG22/startup_efr32mg22.o
 .debug_abbrev  0x0000000000000014      0x220 ./CMSIS/EFR32MG22/system_efr32mg22.o
 .debug_abbrev  0x0000000000000234      0x35a ./emlib/em_cmu.o
 .debug_abbrev  0x000000000000058e      0x259 ./emlib/em_core.o
 .debug_abbrev  0x00000000000007e7      0x31c ./emlib/em_emu.o
 .debug_abbrev  0x0000000000000b03      0x221 ./emlib/em_gpio.o
 .debug_abbrev  0x0000000000000d24      0x2bb ./emlib/em_ldma.o
 .debug_abbrev  0x0000000000000fdf      0x293 ./emlib/em_timer.o
 .debug_abbrev  0x0000000000001272      0x311 ./src/main.o

.debug_aranges  0x0000000000000000      0x690
 .debug_aranges
                0x0000000000000000       0x20 ./CMSIS/EFR32MG22/startup_efr32mg22.o
 .debug_aranges
                0x0000000000000020       0x88 ./CMSIS/EFR32MG22/system_efr32mg22.o
 .debug_aranges
                0x00000000000000a8      0x198 ./emlib/em_cmu.o
 .debug_aranges
                0x0000000000000240       0xe8 ./emlib/em_core.o
 .debug_aranges
                0x0000000000000328      0x168 ./emlib/em_emu.o
 .debug_aranges
                0x0000000000000490       0x70 ./emlib/em_gpio.o
 .debug_aranges
                0x0000000000000500       0x80 ./emlib/em_ldma.o
 .debug_aranges
                0x0000000000000580       0x70 ./emlib/em_timer.o
 .debug_aranges
                0x00000000000005f0       0xa0 ./src/main.o

.debug_str      0x0000000000000000   0x181e85
 .debug_str     0x0000000000000000      0x10c ./CMSIS/EFR32MG22/startup_efr32mg22.o
 .debug_str     0x000000000000010c   0x17050a ./CMSIS/EFR32MG22/system_efr32mg22.o
                                     0x170d93 (size before relaxing)
 .debug_str     0x0000000000170616     0x7dfe ./emlib/em_cmu.o
                                     0x1789fa (size before relaxing)
 .debug_str     0x0000000000178414      0x750 ./emlib/em_core.o
                                     0x171449 (size before relaxing)
 .debug_str     0x0000000000178b64      0xbe1 ./emlib/em_emu.o
                                     0x1774a8 (size before relaxing)
 .debug_str     0x0000000000179745      0x20e ./emlib/em_gpio.o
                                     0x1724f7 (size before relaxing)
 .debug_str     0x0000000000179953     0x33de ./emlib/em_ldma.o
                                     0x1774af (size before relaxing)
 .debug_str     0x000000000017cd31     0x2990 ./emlib/em_timer.o
                                     0x172d4e (size before relaxing)
 .debug_str     0x000000000017f6c1     0x27c4 ./src/main.o
                                     0x17ce42 (size before relaxing)

.debug_loc      0x0000000000000000     0x377a
 .debug_loc     0x0000000000000000      0x40c ./CMSIS/EFR32MG22/system_efr32mg22.o
 .debug_loc     0x000000000000040c      0xe5a ./emlib/em_cmu.o
 .debug_loc     0x0000000000001266      0x88c ./emlib/em_core.o
 .debug_loc     0x0000000000001af2      0xbf4 ./emlib/em_emu.o
 .debug_loc     0x00000000000026e6      0x3c4 ./emlib/em_gpio.o
 .debug_loc     0x0000000000002aaa      0x434 ./emlib/em_ldma.o
 .debug_loc     0x0000000000002ede      0x3a0 ./emlib/em_timer.o
 .debug_loc     0x000000000000327e      0x4fc ./src/main.o

.debug_ranges   0x0000000000000000      0x5f0
 .debug_ranges  0x0000000000000000       0x78 ./CMSIS/EFR32MG22/system_efr32mg22.o
 .debug_ranges  0x0000000000000078      0x188 ./emlib/em_cmu.o
 .debug_ranges  0x0000000000000200       0xd8 ./emlib/em_core.o
 .debug_ranges  0x00000000000002d8      0x158 ./emlib/em_emu.o
 .debug_ranges  0x0000000000000430       0x60 ./emlib/em_gpio.o
 .debug_ranges  0x0000000000000490       0x70 ./emlib/em_ldma.o
 .debug_ranges  0x0000000000000500       0x60 ./emlib/em_timer.o
 .debug_ranges  0x0000000000000560       0x90 ./src/main.o

.debug_macro    0x0000000000000000    0x3966b
 .debug_macro   0x0000000000000000      0x2d8 ./CMSIS/EFR32MG22/system_efr32mg22.o
 .debug_macro   0x00000000000002d8      0xa72 ./CMSIS/EFR32MG22/system_efr32mg22.o
 .debug_macro   0x0000000000000d4a       0x22 ./CMSIS/EFR32MG22/system_efr32mg22.o
 .debug_macro   0x0000000000000d6c       0x56 ./CMSIS/EFR32MG22/system_efr32mg22.o
 .debug_macro   0x0000000000000dc2       0x51 ./CMSIS/EFR32MG22/system_efr32mg22.o
 .debug_macro   0x0000000000000e13      0x103 ./CMSIS/EFR32MG22/system_efr32mg22.o
 .debug_macro   0x0000000000000f16       0x6a ./CMSIS/EFR32MG22/system_efr32mg22.o
 .debug_macro   0x0000000000000f80      0x1df ./CMSIS/EFR32MG22/system_efr32mg22.o
 .debug_macro   0x000000000000115f      0x7dc ./CMSIS/EFR32MG22/system_efr32mg22.o
 .debug_macro   0x000000000000193b       0x1c ./CMSIS/EFR32MG22/system_efr32mg22.o
 .debug_macro   0x0000000000001957       0x29 ./CMSIS/EFR32MG22/system_efr32mg22.o
 .debug_macro   0x0000000000001980       0xd9 ./CMSIS/EFR32MG22/system_efr32mg22.o
 .debug_macro   0x0000000000001a59     0x1401 ./CMSIS/EFR32MG22/system_efr32mg22.o
 .debug_macro   0x0000000000002e5a       0x5e ./CMSIS/EFR32MG22/system_efr32mg22.o
 .debug_macro   0x0000000000002eb8      0xe4f ./CMSIS/EFR32MG22/system_efr32mg22.o
 .debug_macro   0x0000000000003d07     0x12bd ./CMSIS/EFR32MG22/system_efr32mg22.o
 .debug_macro   0x0000000000004fc4      0x87c ./CMSIS/EFR32MG22/system_efr32mg22.o
 .debug_macro   0x0000000000005840      0x300 ./CMSIS/EFR32MG22/system_efr32mg22.o
 .debug_macro   0x0000000000005b40       0x34 ./CMSIS/EFR32MG22/system_efr32mg22.o
 .debug_macro   0x0000000000005b74      0x304 ./CMSIS/EFR32MG22/system_efr32mg22.o
 .debug_macro   0x0000000000005e78      0x456 ./CMSIS/EFR32MG22/system_efr32mg22.o
 .debug_macro   0x00000000000062ce      0x4a1 ./CMSIS/EFR32MG22/system_efr32mg22.o
 .debug_macro   0x000000000000676f      0x156 ./CMSIS/EFR32MG22/system_efr32mg22.o
 .debug_macro   0x00000000000068c5      0x764 ./CMSIS/EFR32MG22/system_efr32mg22.o
 .debug_macro   0x0000000000007029      0x363 ./CMSIS/EFR32MG22/system_efr32mg22.o
 .debug_macro   0x000000000000738c     0x14f4 ./CMSIS/EFR32MG22/system_efr32mg22.o
 .debug_macro   0x0000000000008880       0x10 ./CMSIS/EFR32MG22/system_efr32mg22.o
 .debug_macro   0x0000000000008890      0x997 ./CMSIS/EFR32MG22/system_efr32mg22.o
 .debug_macro   0x0000000000009227     0x2b9a ./CMSIS/EFR32MG22/system_efr32mg22.o
 .debug_macro   0x000000000000bdc1      0xcb2 ./CMSIS/EFR32MG22/system_efr32mg22.o
 .debug_macro   0x000000000000ca73       0x4c ./CMSIS/EFR32MG22/system_efr32mg22.o
 .debug_macro   0x000000000000cabf     0x15b8 ./CMSIS/EFR32MG22/system_efr32mg22.o
 .debug_macro   0x000000000000e077     0x210a ./CMSIS/EFR32MG22/system_efr32mg22.o
 .debug_macro   0x0000000000010181      0x53c ./CMSIS/EFR32MG22/system_efr32mg22.o
 .debug_macro   0x00000000000106bd      0xfe5 ./CMSIS/EFR32MG22/system_efr32mg22.o
 .debug_macro   0x00000000000116a2      0x955 ./CMSIS/EFR32MG22/system_efr32mg22.o
 .debug_macro   0x0000000000011ff7       0x34 ./CMSIS/EFR32MG22/system_efr32mg22.o
 .debug_macro   0x000000000001202b      0x308 ./CMSIS/EFR32MG22/system_efr32mg22.o
 .debug_macro   0x0000000000012333      0x6a7 ./CMSIS/EFR32MG22/system_efr32mg22.o
 .debug_macro   0x00000000000129da      0x618 ./CMSIS/EFR32MG22/system_efr32mg22.o
 .debug_macro   0x0000000000012ff2      0x9b0 ./CMSIS/EFR32MG22/system_efr32mg22.o
 .debug_macro   0x00000000000139a2      0x91e ./CMSIS/EFR32MG22/system_efr32mg22.o
 .debug_macro   0x00000000000142c0     0x1b1b ./CMSIS/EFR32MG22/system_efr32mg22.o
 .debug_macro   0x0000000000015ddb      0x76b ./CMSIS/EFR32MG22/system_efr32mg22.o
 .debug_macro   0x0000000000016546      0x8f3 ./CMSIS/EFR32MG22/system_efr32mg22.o
 .debug_macro   0x0000000000016e39     0x14b5 ./CMSIS/EFR32MG22/system_efr32mg22.o
 .debug_macro   0x00000000000182ee      0x688 ./CMSIS/EFR32MG22/system_efr32mg22.o
 .debug_macro   0x0000000000018976      0x464 ./CMSIS/EFR32MG22/system_efr32mg22.o
 .debug_macro   0x0000000000018dda     0x141b ./CMSIS/EFR32MG22/system_efr32mg22.o
 .debug_macro   0x000000000001a1f5     0x15c0 ./CMSIS/EFR32MG22/system_efr32mg22.o
 .debug_macro   0x000000000001b7b5     0x3753 ./CMSIS/EFR32MG22/system_efr32mg22.o
 .debug_macro   0x000000000001ef08     0x17a9 ./CMSIS/EFR32MG22/system_efr32mg22.o
 .debug_macro   0x00000000000206b1      0x319 ./CMSIS/EFR32MG22/system_efr32mg22.o
 .debug_macro   0x00000000000209ca     0x53ed ./CMSIS/EFR32MG22/system_efr32mg22.o
 .debug_macro   0x0000000000025db7     0x175c ./CMSIS/EFR32MG22/system_efr32mg22.o
 .debug_macro   0x0000000000027513     0x29ed ./CMSIS/EFR32MG22/system_efr32mg22.o
 .debug_macro   0x0000000000029f00     0x789f ./CMSIS/EFR32MG22/system_efr32mg22.o
 .debug_macro   0x000000000003179f      0x143 ./CMSIS/EFR32MG22/system_efr32mg22.o
 .debug_macro   0x00000000000318e2      0xfae ./CMSIS/EFR32MG22/system_efr32mg22.o
 .debug_macro   0x0000000000032890     0x1384 ./CMSIS/EFR32MG22/system_efr32mg22.o
 .debug_macro   0x0000000000033c14     0x1553 ./CMSIS/EFR32MG22/system_efr32mg22.o
 .debug_macro   0x0000000000035167      0x37d ./CMSIS/EFR32MG22/system_efr32mg22.o
 .debug_macro   0x00000000000354e4     0x106c ./CMSIS/EFR32MG22/system_efr32mg22.o
 .debug_macro   0x0000000000036550      0x3d6 ./emlib/em_cmu.o
 .debug_macro   0x0000000000036926       0x22 ./emlib/em_cmu.o
 .debug_macro   0x0000000000036948       0x10 ./emlib/em_cmu.o
 .debug_macro   0x0000000000036958       0x77 ./emlib/em_cmu.o
 .debug_macro   0x00000000000369cf       0xfc ./emlib/em_cmu.o
 .debug_macro   0x0000000000036acb      0x307 ./emlib/em_cmu.o
 .debug_macro   0x0000000000036dd2       0xdc ./emlib/em_cmu.o
 .debug_macro   0x0000000000036eae      0x11b ./emlib/em_cmu.o
 .debug_macro   0x0000000000036fc9      0x16d ./emlib/em_cmu.o
 .debug_macro   0x0000000000037136       0x64 ./emlib/em_cmu.o
 .debug_macro   0x000000000003719a      0x356 ./emlib/em_cmu.o
 .debug_macro   0x00000000000374f0       0x7c ./emlib/em_cmu.o
 .debug_macro   0x000000000003756c       0x17 ./emlib/em_cmu.o
 .debug_macro   0x0000000000037583       0xee ./emlib/em_cmu.o
 .debug_macro   0x0000000000037671       0x33 ./emlib/em_cmu.o
 .debug_macro   0x00000000000376a4      0x2ea ./emlib/em_core.o
 .debug_macro   0x000000000003798e       0x71 ./emlib/em_core.o
 .debug_macro   0x00000000000379ff      0x3b9 ./emlib/em_emu.o
 .debug_macro   0x0000000000037db8       0x5e ./emlib/em_emu.o
 .debug_macro   0x0000000000037e16       0x5c ./emlib/em_emu.o
 .debug_macro   0x0000000000037e72       0x2d ./emlib/em_emu.o
 .debug_macro   0x0000000000037e9f       0x34 ./emlib/em_emu.o
 .debug_macro   0x0000000000037ed3      0x2f7 ./emlib/em_gpio.o
 .debug_macro   0x00000000000381ca       0xd6 ./emlib/em_gpio.o
 .debug_macro   0x00000000000382a0      0x321 ./emlib/em_ldma.o
 .debug_macro   0x00000000000385c1       0xba ./emlib/em_ldma.o
 .debug_macro   0x000000000003867b      0x2e5 ./emlib/em_timer.o
 .debug_macro   0x0000000000038960       0x79 ./emlib/em_timer.o
 .debug_macro   0x00000000000389d9      0x460 ./src/main.o
 .debug_macro   0x0000000000038e39       0x7f ./src/main.o
 .debug_macro   0x0000000000038eb8       0xc0 ./src/main.o
 .debug_macro   0x0000000000038f78       0x18 ./src/main.o
 .debug_macro   0x0000000000038f90       0x35 ./src/main.o
 .debug_macro   0x0000000000038fc5       0x34 ./src/main.o
 .debug_macro   0x0000000000038ff9       0x16 ./src/main.o
 .debug_macro   0x000000000003900f       0x97 ./src/main.o
 .debug_macro   0x00000000000390a6       0xf6 ./src/main.o
 .debug_macro   0x000000000003919c       0x10 ./src/main.o
 .debug_macro   0x00000000000391ac       0x16 ./src/main.o
 .debug_macro   0x00000000000391c2       0x43 ./src/main.o
 .debug_macro   0x0000000000039205       0x34 ./src/main.o
 .debug_macro   0x0000000000039239       0x10 ./src/main.o
 .debug_macro   0x0000000000039249       0x58 ./src/main.o
 .debug_macro   0x00000000000392a1      0x182 ./src/main.o
 .debug_macro   0x0000000000039423       0xbe ./src/main.o
 .debug_macro   0x00000000000394e1       0x16 ./src/main.o
 .debug_macro   0x00000000000394f7      0x129 ./src/main.o
 .debug_macro   0x0000000000039620       0x16 ./src/main.o
 .debug_macro   0x0000000000039636       0x35 ./src/main.o

.debug_frame    0x0000000000000000     0x1ac0
 .debug_frame   0x0000000000000000      0x1ec ./CMSIS/EFR32MG22/system_efr32mg22.o
 .debug_frame   0x00000000000001ec      0x6c8 ./emlib/em_cmu.o
 .debug_frame   0x00000000000008b4      0x3dc ./emlib/em_core.o
 .debug_frame   0x0000000000000c90      0x5b8 ./emlib/em_emu.o
 .debug_frame   0x0000000000001248      0x1b8 ./emlib/em_gpio.o
 .debug_frame   0x0000000000001400      0x1f4 ./emlib/em_ldma.o
 .debug_frame   0x00000000000015f4      0x1ac ./emlib/em_timer.o
 .debug_frame   0x00000000000017a0      0x264 ./src/main.o
 .debug_frame   0x0000000000001a04       0x28 /Applications/SimplicityStudio5.app/Contents/Eclipse/developer/toolchains/gnu_arm/10.2_2020q4/bin/../lib/gcc/arm-none-eabi/10.2.1/../../../../arm-none-eabi/lib/thumb/v8-m.main+fp/softfp/libc_nano.a(lib_a-exit.o)
 .debug_frame   0x0000000000001a2c       0x2c /Applications/SimplicityStudio5.app/Contents/Eclipse/developer/toolchains/gnu_arm/10.2_2020q4/bin/../lib/gcc/arm-none-eabi/10.2.1/../../../../arm-none-eabi/lib/thumb/v8-m.main+fp/softfp/libc_nano.a(lib_a-init.o)
 .debug_frame   0x0000000000001a58       0x28 /Applications/SimplicityStudio5.app/Contents/Eclipse/developer/toolchains/gnu_arm/10.2_2020q4/bin/../lib/gcc/arm-none-eabi/10.2.1/../../../../arm-none-eabi/lib/thumb/v8-m.main+fp/softfp/libc_nano.a(lib_a-memcpy-stub.o)
 .debug_frame   0x0000000000001a80       0x20 /Applications/SimplicityStudio5.app/Contents/Eclipse/developer/toolchains/gnu_arm/10.2_2020q4/bin/../lib/gcc/arm-none-eabi/10.2.1/../../../../arm-none-eabi/lib/thumb/v8-m.main+fp/softfp/libc_nano.a(lib_a-memset.o)
 .debug_frame   0x0000000000001aa0       0x20 /Applications/SimplicityStudio5.app/Contents/Eclipse/developer/toolchains/gnu_arm/10.2_2020q4/bin/../lib/gcc/arm-none-eabi/10.2.1/../../../../arm-none-eabi/lib/thumb/v8-m.main+fp/softfp/libnosys.a(_exit.o)
